// Jest Snapshot v1, https://goo.gl/fbAQLP

exports[`game component test should be same as a previous snapshot. 1`] = `
<div
  className="sc-gsTCUz cVJQdI"
>
  <div>
    <div
      className="sc-hKgILt fMCYZr"
    >
      <button
        className="sc-bdfBwQ iZlURE"
        data-testid="btn-0"
        name="1-1"
        onClick={[Function]}
      />
      <button
        className="sc-bdfBwQ iZlURE"
        data-testid="btn-1"
        name="1-2"
        onClick={[Function]}
      />
      <button
        className="sc-bdfBwQ iZlURE"
        data-testid="btn-2"
        name="1-3"
        onClick={[Function]}
      />
    </div>
    <div
      className="sc-hKgILt fMCYZr"
    >
      <button
        className="sc-bdfBwQ iZlURE"
        data-testid="btn-3"
        name="2-1"
        onClick={[Function]}
      />
      <button
        className="sc-bdfBwQ iZlURE"
        data-testid="btn-4"
        name="2-2"
        onClick={[Function]}
      />
      <button
        className="sc-bdfBwQ iZlURE"
        data-testid="btn-5"
        name="2-3"
        onClick={[Function]}
      />
    </div>
    <div
      className="sc-hKgILt fMCYZr"
    >
      <button
        className="sc-bdfBwQ iZlURE"
        data-testid="btn-6"
        name="3-1"
        onClick={[Function]}
      />
      <button
        className="sc-bdfBwQ iZlURE"
        data-testid="btn-7"
        name="3-2"
        onClick={[Function]}
      />
      <button
        className="sc-bdfBwQ iZlURE"
        data-testid="btn-8"
        name="3-3"
        onClick={[Function]}
      />
    </div>
  </div>
  <div
    className="sc-dlfnbm laRLSY"
  >
    <div
      className="sc-dlfnbm laRLSY"
    >
      Next player: X
    </div>
    <ol
      className="sc-eCssSg UPgMP"
    >
      <li>
        <button
          className="btn-bold"
          onClick={[Function]}
          type="button"
        >
          Go to game start
        </button>
      </li>
    </ol>
  </div>
</div>
`;
